[BOLD]google.com has address 216.58.205.14[RESET_INTENSITY]
google.com has IPv6 address 2a00:1450:4007:80a::200e
[BOLD]google.com mail is handled by 10 aspmx.l.google.com.[RESET_INTENSITY]
[BOLD]google.com mail is handled by 50 alt4.aspmx.l.google.com.[RESET_INTENSITY]
[BOLD]google.com mail is handled by 20 alt1.aspmx.l.google.com.[RESET_INTENSITY]
[BOLD]google.com mail is handled by 30 alt2.aspmx.l.google.com.[RESET_INTENSITY]
[BOLD]google.com mail is handled by 40 alt3.aspmx.l.google.com.[RESET_INTENSITY]
