[UNDERLINE]docker0:[RESET_UNDERLINE] flags=4099<UP,BROADCAST,MULTICAST>  mtu 1500
        inet 172.17.0.1  netmask 255.255.0.0  broadcast 0.0.0.0
        ether 02:42:9f:f3:01:56  txqueuelen 0  (Ethernet)
        RX packets 0  bytes 0 (0.0 B)
        RX errors 0  dropped 0  overruns 0  frame 0
        TX packets 0  bytes 0 (0.0 B)
        TX errors 0  dropped 0 overruns 0  carrier 0  collisions 0

[UNDERLINE]eno1:[RESET_UNDERLINE] flags=4163<UP,BROADCAST,RUNNING,MULTICAST>  mtu 1500
        inet 192.168.1.2  netmask 255.255.255.0  broadcast 192.168.1.255
        inet6 2a01:cb15:8281:8a00:d349:122f:d366:b85b  prefixlen 64  scopeid 0x0<global>
        inet6 fe80::d1e9:e05d:707a:6a84  prefixlen 64  scopeid 0x20<link>
        ether 40:16:7e:ac:38:09  txqueuelen 1000  (Ethernet)
        RX packets 3064555  bytes 3647530318 (3.3 GiB)
        RX errors 0  dropped 0  overruns 0  frame 0
        TX packets 1233714  bytes 151930472 (144.8 MiB)
        TX errors 0  dropped 0 overruns 0  carrier 0  collisions 0
        device interrupt 20  memory 0xf7200000-f7220000  

[UNDERLINE]lo:[RESET_UNDERLINE] flags=73<UP,LOOPBACK,RUNNING>  mtu 65536
        inet 127.0.0.1  netmask 255.0.0.0
        inet6 ::1  prefixlen 128  scopeid 0x10<host>
        loop  txqueuelen 1000  (Local Loopback)
        RX packets 346116  bytes 281096663 (268.0 MiB)
        RX errors 0  dropped 0  overruns 0  frame 0
        TX packets 346116  bytes 281096663 (268.0 MiB)
        TX errors 0  dropped 0 overruns 0  carrier 0  collisions 0

