ping: wwwww.google.com: Name or service not known
