    [FOREGROUND_MAGENTA]1.2.3.4[FOREGROUND_RESET].[FOREGROUND_BLUE]443[RESET_ALL] > [FOREGROUND_MAGENTA]4.5.6.7[FOREGROUND_RESET].[FOREGROUND_BLUE]57434[RESET_ALL]: Flags [FOREGROUND_CYAN][.][FOREGROUND_RESET], [FOREGROUND_RED]cksum 0xff56 (incorrect -> 0x2fdc)[FOREGROUND_RESET], seq 1504125:1507021, ack 275, win 269, options [nop,nop,TS val 1088319702 ecr 3891091735], length 2896
[FAINT]18:54:43.133515[RESET_INTENSITY] [BOLD]IP [RESET_INTENSITY](tos 0x0, ttl 54, id 52203, offset 0, flags [DF], proto TCP (6), length 2948)
    [FOREGROUND_MAGENTA]1.2.3.4[FOREGROUND_RESET].[FOREGROUND_BLUE]443[RESET_ALL] > [FOREGROUND_MAGENTA]4.5.6.7[FOREGROUND_RESET].[FOREGROUND_BLUE]57434[RESET_ALL]: Flags [FOREGROUND_CYAN][.][FOREGROUND_RESET], [FOREGROUND_RED]cksum 0xff56 (incorrect -> 0x7864)[FOREGROUND_RESET], seq 1507021:1509917, ack 275, win 269, options [nop,nop,TS val 1088319702 ecr 3891091735], length 2896
[FAINT]18:54:43.133630[RESET_INTENSITY] [BOLD]IP [RESET_INTENSITY](tos 0x0, ttl 64, id 9684, offset 0, flags [DF], proto TCP (6), length 52)
    [FOREGROUND_MAGENTA]4.5.6.7[FOREGROUND_RESET].[FOREGROUND_BLUE]57434[RESET_ALL] > [FOREGROUND_MAGENTA]1.2.3.4[FOREGROUND_RESET].[FOREGROUND_BLUE]443[RESET_ALL]: Flags [FOREGROUND_CYAN][.][FOREGROUND_RESET], [FOREGROUND_RED]cksum 0xf406 (incorrect -> 0x39cc)[FOREGROUND_RESET], ack 1509917, win 24576, options [nop,nop,TS val 3891091744 ecr 1088319702], length 0
[FAINT]18:54:43.134576[RESET_INTENSITY] [BOLD]IP [RESET_INTENSITY](tos 0x0, ttl 54, id 52205, offset 0, flags [DF], proto TCP (6), length 1500)
    [FOREGROUND_MAGENTA]1.2.3.4[FOREGROUND_RESET].[FOREGROUND_BLUE]443[RESET_ALL] > [FOREGROUND_MAGENTA]4.5.6.7[FOREGROUND_RESET].[FOREGROUND_BLUE]57434[RESET_ALL]: Flags [FOREGROUND_CYAN][.][FOREGROUND_RESET], cksum 0x6d2a (correct), seq 1509917:1511365, ack 275, win 269, options [nop,nop,TS val 1088319704 ecr 3891091736], length 1448
[FAINT]18:54:43.134646[RESET_INTENSITY] [BOLD]IP [RESET_INTENSITY](tos 0x0, ttl 54, id 52206, offset 0, flags [DF], proto TCP (6), length 4396)
    [FOREGROUND_MAGENTA]1.2.3.4[FOREGROUND_RESET].[FOREGROUND_BLUE]443[RESET_ALL] > [FOREGROUND_MAGENTA]4.5.6.7[FOREGROUND_RESET].[FOREGROUND_BLUE]57434[RESET_ALL]: Flags [FOREGROUND_CYAN][.][FOREGROUND_RESET], [FOREGROUND_RED]cksum 0x04ff (incorrect -> 0x6b41)[FOREGROUND_RESET], seq 1511365:1515709, ack 275, win 269, options [nop,nop,TS val 1088319704 ecr 3891091736], length 4344
[FAINT]18:54:43.134697[RESET_INTENSITY] [BOLD]IP [RESET_INTENSITY](tos 0x0, ttl 64, id 9685, offset 0, flags [DF], proto TCP (6), length 52)
    [FOREGROUND_MAGENTA]4.5.6.7[FOREGROUND_RESET].[FOREGROUND_BLUE]57434[RESET_ALL] > [FOREGROUND_MAGENTA]1.2.3.4[FOREGROUND_RESET].[FOREGROUND_BLUE]443[RESET_ALL]: Flags [FOREGROUND_CYAN][.][FOREGROUND_RESET], [FOREGROUND_RED]cksum 0xf406 (incorrect -> 0x2329)[FOREGROUND_RESET], ack 1515709, win 24576, options [nop,nop,TS val 3891091745 ecr 1088319704], length 0
[FAINT]18:54:43.134969[RESET_INTENSITY] [BOLD]IP [RESET_INTENSITY](tos 0x0, ttl 54, id 52209, offset 0, flags [DF], proto TCP (6), length 2948)
    [FOREGROUND_MAGENTA]1.2.3.4[FOREGROUND_RESET].[FOREGROUND_BLUE]443[RESET_ALL] > [FOREGROUND_MAGENTA]4.5.6.7[FOREGROUND_RESET].[FOREGROUND_BLUE]57434[RESET_ALL]: Flags [FOREGROUND_CYAN][.][FOREGROUND_RESET], [FOREGROUND_RED]cksum 0xff56 (incorrect -> 0x2851)[FOREGROUND_RESET], seq 1515709:1518605, ack 275, win 269, options [nop,nop,TS val 1088319704 ecr 3891091737], length 2896
[FAINT]18:54:43.135026[RESET_INTENSITY] [BOLD]IP [RESET_INTENSITY](tos 0x0, ttl 54, id 52211, offset 0, flags [DF], proto TCP (6), length 4396)
    [FOREGROUND_MAGENTA]1.2.3.4[FOREGROUND_RESET].[FOREGROUND_BLUE]443[RESET_ALL] > [FOREGROUND_MAGENTA]4.5.6.7[FOREGROUND_RESET].[FOREGROUND_BLUE]57434[RESET_ALL]: Flags [FOREGROUND_CYAN][.][FOREGROUND_RESET], [FOREGROUND_RED]cksum 0x04ff (incorrect -> 0xee44)[FOREGROUND_RESET], seq 1518605:1522949, ack 275, win 269, options [nop,nop,TS val 1088319704 ecr 3891091737], length 4344
[FAINT]18:54:43.135084[RESET_INTENSITY] [BOLD]IP [RESET_INTENSITY](tos 0x0, ttl 64, id 9686, offset 0, flags [DF], proto TCP (6), length 52)
    [FOREGROUND_MAGENTA]4.5.6.7[FOREGROUND_RESET].[FOREGROUND_BLUE]57434[RESET_ALL] > [FOREGROUND_MAGENTA]1.2.3.4[FOREGROUND_RESET].[FOREGROUND_BLUE]443[RESET_ALL]: Flags [FOREGROUND_CYAN][.][FOREGROUND_RESET], [FOREGROUND_RED]cksum 0xf406 (incorrect -> 0x06e1)[FOREGROUND_RESET], ack 1522949, win 24576, options [nop,nop,TS val 3891091745 ecr 1088319704], length 0
[FAINT]18:54:43.137133[RESET_INTENSITY] [BOLD]IP [RESET_INTENSITY](tos 0x0, ttl 54, id 52214, offset 0, flags [DF], proto TCP (6), length 4396)
    [FOREGROUND_MAGENTA]1.2.3.4[FOREGROUND_RESET].[FOREGROUND_BLUE]443[RESET_ALL] > [FOREGROUND_MAGENTA]4.5.6.7[FOREGROUND_RESET].[FOREGROUND_BLUE]57434[RESET_ALL]: Flags [FOREGROUND_CYAN][.][FOREGROUND_RESET], [FOREGROUND_RED]cksum 0x04ff (incorrect -> 0xd273)[FOREGROUND_RESET], seq 1522949:1527293, ack 275, win 269, options [nop,nop,TS val 1088319706 ecr 3891091738], length 4344
[FAINT]18:54:43.137180[RESET_INTENSITY] [BOLD]IP [RESET_INTENSITY](tos 0x0, ttl 54, id 52217, offset 0, flags [DF], proto TCP (6), length 2948)
    [FOREGROUND_MAGENTA]1.2.3.4[FOREGROUND_RESET].[FOREGROUND_BLUE]443[RESET_ALL] > [FOREGROUND_MAGENTA]4.5.6.7[FOREGROUND_RESET].[FOREGROUND_BLUE]57434[RESET_ALL]: Flags [FOREGROUND_CYAN][.][FOREGROUND_RESET], [FOREGROUND_RED]cksum 0xff56 (incorrect -> 0x941c)[FOREGROUND_RESET], seq 1527293:1530189, ack 275, win 269, options [nop,nop,TS val 1088319706 ecr 3891091738], length 2896
[FAINT]18:54:43.137240[RESET_INTENSITY] [BOLD]IP [RESET_INTENSITY](tos 0x0, ttl 64, id 9687, offset 0, flags [DF], proto TCP (6), length 52)
    [FOREGROUND_MAGENTA]4.5.6.7[FOREGROUND_RESET].[FOREGROUND_BLUE]57434[RESET_ALL] > [FOREGROUND_MAGENTA]1.2.3.4[FOREGROUND_RESET].[FOREGROUND_BLUE]443[RESET_ALL]: Flags [FOREGROUND_CYAN][.][FOREGROUND_RESET], [FOREGROUND_RED]cksum 0xf406 (incorrect -> 0xea94)[FOREGROUND_RESET], ack 1530189, win 24576, options [nop,nop,TS val 3891091747 ecr 1088319706], length 0
[FAINT]18:54:43.137566[RESET_INTENSITY] [BOLD]IP [RESET_INTENSITY](tos 0x0, ttl 54, id 52219, offset 0, flags [DF], proto TCP (6), length 4396)
    [FOREGROUND_MAGENTA]1.2.3.4[FOREGROUND_RESET].[FOREGROUND_BLUE]443[RESET_ALL] > [FOREGROUND_MAGENTA]4.5.6.7[FOREGROUND_RESET].[FOREGROUND_BLUE]57434[RESET_ALL]: Flags [FOREGROUND_CYAN][.][FOREGROUND_RESET], [FOREGROUND_RED]cksum 0x04ff (incorrect -> 0xaca8)[FOREGROUND_RESET], seq 1530189:1534533, ack 275, win 269, options [nop,nop,TS val 1088319706 ecr 3891091739], length 4344
[FAINT]18:54:43.137640[RESET_INTENSITY] [BOLD]IP [RESET_INTENSITY](tos 0x0, ttl 54, id 52222, offset 0, flags [DF], proto TCP (6), length 2948)
    [FOREGROUND_MAGENTA]1.2.3.4[FOREGROUND_RESET].[FOREGROUND_BLUE]443[RESET_ALL] > [FOREGROUND_MAGENTA]4.5.6.7[FOREGROUND_RESET].[FOREGROUND_BLUE]57434[RESET_ALL]: Flags [FOREGROUND_CYAN][.][FOREGROUND_RESET], [FOREGROUND_RED]cksum 0xff56 (incorrect -> 0x5043)[FOREGROUND_RESET], seq 1534533:1537429, ack 275, win 269, options [nop,nop,TS val 1088319706 ecr 3891091739], length 2896
[FAINT]18:54:43.137649[RESET_INTENSITY] [BOLD]IP [RESET_INTENSITY](tos 0x0, ttl 64, id 9688, offset 0, flags [DF], proto TCP (6), length 52)
    [FOREGROUND_MAGENTA]4.5.6.7[FOREGROUND_RESET].[FOREGROUND_BLUE]57434[RESET_ALL] > [FOREGROUND_MAGENTA]1.2.3.4[FOREGROUND_RESET].[FOREGROUND_BLUE]443[RESET_ALL]: Flags [FOREGROUND_CYAN][.][FOREGROUND_RESET], [FOREGROUND_RED]cksum 0xf406 (incorrect -> 0xd99b)[FOREGROUND_RESET], ack 1534533, win 24576, options [nop,nop,TS val 3891091748 ecr 1088319706], length 0
[FAINT]18:54:43.137712[RESET_INTENSITY] [BOLD]IP [RESET_INTENSITY](tos 0x0, ttl 64, id 9689, offset 0, flags [DF], proto TCP (6), length 52)
    [FOREGROUND_MAGENTA]4.5.6.7[FOREGROUND_RESET].[FOREGROUND_BLUE]57434[RESET_ALL] > [FOREGROUND_MAGENTA]1.2.3.4[FOREGROUND_RESET].[FOREGROUND_BLUE]443[RESET_ALL]: Flags [FOREGROUND_CYAN][.][FOREGROUND_RESET], [FOREGROUND_RED]cksum 0xf406 (incorrect -> 0xce4b)[FOREGROUND_RESET], ack 1537429, win 24576, options [nop,nop,TS val 3891091748 ecr 1088319706], length 0
[FAINT]18:54:43.138483[RESET_INTENSITY] [BOLD]IP [RESET_INTENSITY](tos 0x0, ttl 54, id 52224, offset 0, flags [DF], proto TCP (6), length 1500)
    [FOREGROUND_MAGENTA]1.2.3.4[FOREGROUND_RESET].[FOREGROUND_BLUE]443[RESET_ALL] > [FOREGROUND_MAGENTA]4.5.6.7[FOREGROUND_RESET].[FOREGROUND_BLUE]57434[RESET_ALL]: Flags [FOREGROUND_CYAN][.][FOREGROUND_RESET], cksum 0xdb84 (correct), seq 1537429:1538877, ack 275, win 269, options [nop,nop,TS val 1088319707 ecr 3891091740], length 1448
[FAINT]18:54:43.138539[RESET_INTENSITY] [BOLD]IP [RESET_INTENSITY](tos 0x0, ttl 54, id 52225, offset 0, flags [DF], proto TCP (6), length 5491)
    [FOREGROUND_MAGENTA]1.2.3.4[FOREGROUND_RESET].[FOREGROUND_BLUE]443[RESET_ALL] > [FOREGROUND_MAGENTA]4.5.6.7[FOREGROUND_RESET].[FOREGROUND_BLUE]57434[RESET_ALL]: Flags [FOREGROUND_CYAN][P.][FOREGROUND_RESET], [FOREGROUND_RED]cksum 0x0946 (incorrect -> 0x01e5)[FOREGROUND_RESET], seq 1538877:1544316, ack 275, win 269, options [nop,nop,TS val 1088319707 ecr 3891091740], length 5439
[FAINT]18:54:43.138584[RESET_INTENSITY] [BOLD]IP [RESET_INTENSITY](tos 0x0, ttl 64, id 9690, offset 0, flags [DF], proto TCP (6), length 52)
    [FOREGROUND_MAGENTA]4.5.6.7[FOREGROUND_RESET].[FOREGROUND_BLUE]57434[RESET_ALL] > [FOREGROUND_MAGENTA]1.2.3.4[FOREGROUND_RESET].[FOREGROUND_BLUE]443[RESET_ALL]: Flags [FOREGROUND_CYAN][.][FOREGROUND_RESET], [FOREGROUND_RED]cksum 0xf406 (incorrect -> 0xb362)[FOREGROUND_RESET], ack 1544316, win 24576, options [nop,nop,TS val 3891091749 ecr 1088319707], length 0
[FAINT]18:54:43.139452[RESET_INTENSITY] [BOLD]IP [RESET_INTENSITY](tos 0x0, ttl 54, id 52229, offset 0, flags [DF], proto TCP (6), length 2948)
    [FOREGROUND_MAGENTA]1.2.3.4[FOREGROUND_RESET].[FOREGROUND_BLUE]443[RESET_ALL] > [FOREGROUND_MAGENTA]4.5.6.7[FOREGROUND_RESET].[FOREGROUND_BLUE]57434[RESET_ALL]: Flags [FOREGROUND_CYAN][.][FOREGROUND_RESET], [FOREGROUND_RED]cksum 0xff56 (incorrect -> 0xe254)[FOREGROUND_RESET], seq 1544316:1547212, ack 275, win 269, options [nop,nop,TS val 1088319708 ecr 3891091741], length 2896
[FAINT]18:54:43.139543[RESET_INTENSITY] [BOLD]IP [RESET_INTENSITY](tos 0x0, ttl 64, id 9691, offset 0, flags [DF], proto TCP (6), length 52)
    [FOREGROUND_MAGENTA]4.5.6.7[FOREGROUND_RESET].[FOREGROUND_BLUE]57434[RESET_ALL] > [FOREGROUND_MAGENTA]1.2.3.4[FOREGROUND_RESET].[FOREGROUND_BLUE]443[RESET_ALL]: Flags [FOREGROUND_CYAN][.][FOREGROUND_RESET], [FOREGROUND_RED]cksum 0xf406 (incorrect -> 0xa811)[FOREGROUND_RESET], ack 1547212, win 24576, options [nop,nop,TS val 3891091749 ecr 1088319708], length 0
[FAINT]18:54:43.139745[RESET_INTENSITY] [BOLD]IP [RESET_INTENSITY](tos 0x0, ttl 54, id 52231, offset 0, flags [DF], proto TCP (6), length 1500)
    [FOREGROUND_MAGENTA]1.2.3.4[FOREGROUND_RESET].[FOREGROUND_BLUE]443[RESET_ALL] > [FOREGROUND_MAGENTA]4.5.6.7[FOREGROUND_RESET].[FOREGROUND_BLUE]57434[RESET_ALL]: Flags [FOREGROUND_CYAN][.][FOREGROUND_RESET], cksum 0x895a (correct), seq 1547212:1548660, ack 275, win 269, options [nop,nop,TS val 1088319708 ecr 3891091741], length 1448
[FAINT]18:54:43.139803[RESET_INTENSITY] [BOLD]IP [RESET_INTENSITY](tos 0x0, ttl 54, id 52232, offset 0, flags [DF], proto TCP (6), length 5844)
    [FOREGROUND_MAGENTA]1.2.3.4[FOREGROUND_RESET].[FOREGROUND_BLUE]443[RESET_ALL] > [FOREGROUND_MAGENTA]4.5.6.7[FOREGROUND_RESET].[FOREGROUND_BLUE]57434[RESET_ALL]: Flags [FOREGROUND_CYAN][.][FOREGROUND_RESET], [FOREGROUND_RED]cksum 0x0aa7 (incorrect -> 0x3f47)[FOREGROUND_RESET], seq 1548660:1554452, ack 275, win 269, options [nop,nop,TS val 1088319708 ecr 3891091741], length 5792
[FAINT]18:54:43.139883[RESET_INTENSITY] [BOLD]IP [RESET_INTENSITY](tos 0x0, ttl 64, id 9692, offset 0, flags [DF], proto TCP (6), length 52)
    [FOREGROUND_MAGENTA]4.5.6.7[FOREGROUND_RESET].[FOREGROUND_BLUE]57434[RESET_ALL] > [FOREGROUND_MAGENTA]1.2.3.4[FOREGROUND_RESET].[FOREGROUND_BLUE]443[RESET_ALL]: Flags [FOREGROUND_CYAN][.][FOREGROUND_RESET], [FOREGROUND_RED]cksum 0xf406 (incorrect -> 0x8bc8)[FOREGROUND_RESET], ack 1554452, win 24576, options [nop,nop,TS val 3891091750 ecr 1088319708], length 0
[FAINT]18:54:43.140658[RESET_INTENSITY] [BOLD]IP [RESET_INTENSITY](tos 0x0, ttl 54, id 52236, offset 0, flags [DF], proto TCP (6), length 1500)
    [FOREGROUND_MAGENTA]1.2.3.4[FOREGROUND_RESET].[FOREGROUND_BLUE]443[RESET_ALL] > [FOREGROUND_MAGENTA]4.5.6.7[FOREGROUND_RESET].[FOREGROUND_BLUE]57434[RESET_ALL]: Flags [FOREGROUND_CYAN][.][FOREGROUND_RESET], cksum 0x77da (correct), seq 1554452:1555900, ack 275, win 269, options [nop,nop,TS val 1088319709 ecr 3891091742], length 1448
[FAINT]18:54:43.140726[RESET_INTENSITY] [BOLD]IP [RESET_INTENSITY](tos 0x0, ttl 54, id 52237, offset 0, flags [DF], proto TCP (6), length 5844)
    [FOREGROUND_MAGENTA]1.2.3.4[FOREGROUND_RESET].[FOREGROUND_BLUE]443[RESET_ALL] > [FOREGROUND_MAGENTA]4.5.6.7[FOREGROUND_RESET].[FOREGROUND_BLUE]57434[RESET_ALL]: Flags [FOREGROUND_CYAN][.][FOREGROUND_RESET], [FOREGROUND_RED]cksum 0x0aa7 (incorrect -> 0xf06b)[FOREGROUND_RESET], seq 1555900:1561692, ack 275, win 269, options [nop,nop,TS val 1088319709 ecr 3891091742], length 5792
