[UNDERLINE]ifconfig:[RESET_UNDERLINE] option `--test' not recognised.
[UNDERLINE]ifconfig:[RESET_UNDERLINE] `--help' gives usage information.
