[FAINT]md5sum:[RESET_INTENSITY] setup.pyy: No such file or directory
