[FAINT]0bc2ee1037199736ad2b8b144f7834f1[RESET_INTENSITY]  setup.py
