wwwww.google.com: Name or service not known
Cannot handle "host" cmdline arg `wwwww.google.com' on position 1 (argc 1)
